// Jest Snapshot v1, https://goo.gl/fbAQLP

exports[`App renders correctly 1`] = `
Array [
  <div
    className="css-v7y91z"
  >
    <div
      className="css-gmuwbf"
    >
      <div
        className="css-0"
      >
        <h2
          className="chakra-heading css-1dklj6k"
        >
          Cool Calendar
        </h2>
        <input
          className="chakra-input css-1c6j008"
          onBlur={[Function]}
          onChange={[Function]}
          onFocus={[Function]}
          placeholder="username"
          type="text"
        />
        <button
          className="chakra-button css-taj3dd"
          onClick={[Function]}
          type="button"
        >
          Login
        </button>
      </div>
    </div>
    <div
      className="css-gmuwbf"
    >
      
    </div>
  </div>,
  <span />,
]
`;
